{
  "version": "1.5.0",
  "plugins_used": [
    {
      "name": "ArtifactoryDetector"
    },
    {
      "name": "AWSKeyDetector"
    },
    {
      "name": "AzureStorageKeyDetector"
    },
    {
      "name": "Base64HighEntropyString",
      "limit": 4.5
    },
    {
      "name": "BasicAuthDetector"
    },
    {
      "name": "CloudantDetector"
    },
    {
      "name": "DiscordBotTokenDetector"
    },
    {
      "name": "GitHubTokenDetector"
    },
    {
      "name": "GitLabTokenDetector"
    },
    {
      "name": "HexHighEntropyString",
      "limit": 3.0
    },
    {
      "name": "IbmCloudIamDetector"
    },
    {
      "name": "IbmCosHmacDetector"
    },
    {
      "name": "IPPublicDetector"
    },
    {
      "name": "JwtTokenDetector"
    },
    {
      "name": "KeywordDetector",
      "keyword_exclude": ""
    },
    {
      "name": "MailchimpDetector"
    },
    {
      "name": "NpmDetector"
    },
    {
      "name": "OpenAIDetector"
    },
    {
      "name": "PrivateKeyDetector"
    },
    {
      "name": "PypiTokenDetector"
    },
    {
      "name": "SendGridDetector"
    },
    {
      "name": "SlackDetector"
    },
    {
      "name": "SoftlayerDetector"
    },
    {
      "name": "SquareOAuthDetector"
    },
    {
      "name": "StripeDetector"
    },
    {
      "name": "TelegramBotTokenDetector"
    },
    {
      "name": "TwilioKeyDetector"
    }
  ],
  "filters_used": [
    {
      "path": "detect_secrets.filters.allowlist.is_line_allowlisted"
    },
    {
      "path": "detect_secrets.filters.common.is_baseline_file",
      "filename": ".secrets.baseline"
    },
    {
      "path": "detect_secrets.filters.common.is_ignored_due_to_verification_policies",
      "min_level": 2
    },
    {
      "path": "detect_secrets.filters.heuristic.is_indirect_reference"
    },
    {
      "path": "detect_secrets.filters.heuristic.is_likely_id_string"
    },
    {
      "path": "detect_secrets.filters.heuristic.is_lock_file"
    },
    {
      "path": "detect_secrets.filters.heuristic.is_not_alphanumeric_string"
    },
    {
      "path": "detect_secrets.filters.heuristic.is_potential_uuid"
    },
    {
      "path": "detect_secrets.filters.heuristic.is_prefixed_with_dollar_sign"
    },
    {
      "path": "detect_secrets.filters.heuristic.is_sequential_string"
    },
    {
      "path": "detect_secrets.filters.heuristic.is_swagger_file"
    },
    {
      "path": "detect_secrets.filters.heuristic.is_templated_secret"
    }
  ],
  "results": {
    "src/aws-location-mcp-server/README.md": [
      {
        "type": "Secret Keyword",
        "filename": "src/aws-location-mcp-server/README.md",
        "hashed_secret": "7bb36f8b509c11e4841b8bbae032473d2e6532d1",
        "is_verified": false,
        "line_number": 64,
        "is_secret": false
      }
    ],
    "src/aws-location-mcp-server/tests/test_server.py": [
      {
        "type": "AWS Access Key",
        "filename": "src/aws-location-mcp-server/tests/test_server.py",
        "hashed_secret": "d70eab08607a4d05faa2d0d6647206599e9abc65",
        "is_verified": false,
        "line_number": 947,
        "is_secret": false
      },
      {
        "type": "Base64 High Entropy String",
        "filename": "src/aws-location-mcp-server/tests/test_server.py",
        "hashed_secret": "d70eab08607a4d05faa2d0d6647206599e9abc65",
        "is_verified": false,
        "line_number": 947,
        "is_secret": false
      },
      {
        "type": "Secret Keyword",
        "filename": "src/aws-location-mcp-server/tests/test_server.py",
        "hashed_secret": "d70eab08607a4d05faa2d0d6647206599e9abc65",
        "is_verified": false,
        "line_number": 960,
        "is_secret": false
      },
      {
        "type": "Base64 High Entropy String",
        "filename": "src/aws-location-mcp-server/tests/test_server.py",
        "hashed_secret": "69c387bb0ba8f401f58a50ee1fa086d77185947f",
        "is_verified": false,
        "line_number": 1177,
        "is_secret": false
      }
    ],
    "src/aws-serverless-mcp-server/README.md": [
      {
        "type": "Secret Keyword",
        "filename": "src/aws-serverless-mcp-server/README.md",
        "hashed_secret": "7bb36f8b509c11e4841b8bbae032473d2e6532d1",
        "is_verified": false,
        "line_number": 76,
        "is_secret": false
      }
    ],
    "src/bedrock-kb-retrieval-mcp-server/README.md": [
      {
        "type": "Base64 High Entropy String",
        "filename": "src/bedrock-kb-retrieval-mcp-server/README.md",
        "hashed_secret": "057903c2553b3682d069157a6e8ae538eab79250",
        "is_verified": false,
        "line_number": 121,
        "is_secret": false
      }
    ],
    "src/ecs-mcp-server/tests/conftest.py": [
      {
        "type": "Base64 High Entropy String",
        "filename": "src/ecs-mcp-server/tests/conftest.py",
        "hashed_secret": "339243a1a3f2911a960d37ec48dbcb59b36b30ca",
        "is_verified": false,
        "line_number": 52,
        "is_secret": false
      }
    ],
    "src/ecs-mcp-server/tests/llm_testing/scenarios/03_task_exit_failure/04_evaluation.md": [
      {
        "type": "Basic Auth Credentials",
        "filename": "src/ecs-mcp-server/tests/llm_testing/scenarios/03_task_exit_failure/04_evaluation.md",
        "hashed_secret": "5baa61e4c9b93f3f0682250b6cf8331b7ee68fd8",
        "is_verified": false,
        "line_number": 51,
        "is_secret": false
      }
    ],
    "src/ecs-mcp-server/tests/unit/test_aws_role_utils.py": [
      {
        "type": "Secret Keyword",
        "filename": "src/ecs-mcp-server/tests/unit/test_aws_role_utils.py",
        "hashed_secret": "d4e0e04792fd434b5dc9c4155c178f66edcf4ed3",
        "is_verified": false,
        "line_number": 29,
        "is_secret": false
      }
    ],
    "src/ecs-mcp-server/tests/unit/test_security_integration.py": [
      {
        "type": "AWS Access Key",
        "filename": "src/ecs-mcp-server/tests/unit/test_security_integration.py",
        "hashed_secret": "25910f981e85ca04baf359199dd0bd4a3ae738b6",
        "is_verified": false,
        "line_number": 35,
        "is_secret": false
      },
      {
        "type": "Secret Keyword",
        "filename": "src/ecs-mcp-server/tests/unit/test_security_integration.py",
        "hashed_secret": "23dcac7287507847a7a0585ca473eae30935b745",
        "is_verified": false,
        "line_number": 78,
        "is_secret": false
      }
    ],
    "src/ecs-mcp-server/tests/unit/troubleshooting_tools/test_fetch_task_logs_extended.py": [
      {
        "type": "Hex High Entropy String",
        "filename": "src/ecs-mcp-server/tests/unit/troubleshooting_tools/test_fetch_task_logs_extended.py",
        "hashed_secret": "ff998abc1ce6d8f01a675fa197368e44c8916e9c",
        "is_verified": false,
        "line_number": 78,
        "is_secret": false
      }
    ],
    "src/ecs-mcp-server/tests/unit/utils/test_response_sanitization.py": [
      {
        "type": "AWS Access Key",
        "filename": "src/ecs-mcp-server/tests/unit/utils/test_response_sanitization.py",
        "hashed_secret": "25910f981e85ca04baf359199dd0bd4a3ae738b6",
        "is_verified": false,
        "line_number": 14,
        "is_secret": false
      },
      {
        "type": "Base64 High Entropy String",
        "filename": "src/ecs-mcp-server/tests/unit/utils/test_response_sanitization.py",
        "hashed_secret": "d70eab08607a4d05faa2d0d6647206599e9abc65",
        "is_verified": false,
        "line_number": 22,
        "is_secret": false
      },
      {
        "type": "Secret Keyword",
        "filename": "src/ecs-mcp-server/tests/unit/utils/test_response_sanitization.py",
        "hashed_secret": "d70eab08607a4d05faa2d0d6647206599e9abc65",
        "is_verified": false,
        "line_number": 43,
        "is_secret": false
      },
      {
        "type": "Secret Keyword",
        "filename": "src/ecs-mcp-server/tests/unit/utils/test_response_sanitization.py",
        "hashed_secret": "17ae68b6863ae52dfe203ab82e16128fcff35dcf",
        "is_verified": false,
        "line_number": 44,
        "is_secret": false
      }
    ],
    "src/lambda-mcp-server/README.md": [
      {
        "type": "Base64 High Entropy String",
        "filename": "src/lambda-mcp-server/README.md",
        "hashed_secret": "4fffa7f7518f07c586de5177529075a6d3342217",
        "is_verified": false,
        "line_number": 79,
        "is_secret": false
      },
      {
        "type": "Base64 High Entropy String",
        "filename": "src/lambda-mcp-server/README.md",
        "hashed_secret": "c6ce21ba5ab23f5341ae81526aac3b3e2bb563c1",
        "is_verified": false,
        "line_number": 83,
        "is_secret": false
      },
      {
        "type": "Base64 High Entropy String",
        "filename": "src/lambda-mcp-server/README.md",
        "hashed_secret": "e165198ad0e2e86c9b659616908219a13fc57d5a",
        "is_verified": false,
        "line_number": 85,
        "is_secret": false
      },
      {
        "type": "Base64 High Entropy String",
        "filename": "src/lambda-mcp-server/README.md",
        "hashed_secret": "e153368a9e7c7d9209271bd599432af837868544",
        "is_verified": false,
        "line_number": 87,
        "is_secret": false
      }
    ],
    "src/stepfunctions-tool-mcp-server/README.md": [
      {
        "type": "Base64 High Entropy String",
        "filename": "src/stepfunctions-tool-mcp-server/README.md",
        "hashed_secret": "68b12f52d73521050c76b6e9af1a76711fbe4cc7",
        "is_verified": false,
        "line_number": 83,
        "is_secret": false
      },
      {
        "type": "Base64 High Entropy String",
        "filename": "src/stepfunctions-tool-mcp-server/README.md",
        "hashed_secret": "37e89c196a8099d1961ea54d7d4b7b222bb028a2",
        "is_verified": false,
        "line_number": 89,
        "is_secret": false
      },
      {
        "type": "Base64 High Entropy String",
        "filename": "src/stepfunctions-tool-mcp-server/README.md",
        "hashed_secret": "3d1590d774b9e0a4e792edefac9cf7ec05ba6fb2",
        "is_verified": false,
        "line_number": 91,
        "is_secret": false
      }
    ],
    "src/syntheticdata-mcp-server/tests/test_constants.py": [
      {
        "type": "Secret Keyword",
        "filename": "src/syntheticdata-mcp-server/tests/test_constants.py",
        "hashed_secret": "da5bcedede3c8c32004d394af1c3e14eb05b6a45",
        "is_verified": false,
        "line_number": 13,
        "is_secret": false
      }
    ]
  },
  "generated_at": "2025-05-29T03:24:34Z"
}
